// Jest Snapshot v1, https://goo.gl/fbAQLP

exports[`GameWithHooks test cases Render behaviour Render game field by default 1`] = `
<DocumentFragment>
  <div
    class="css-1ct4owg"
  >
    <header
      class="css-dn2347"
    >
      <h1
        class="css-18kvaxm"
      >
        Minesweeper
      </h1>
      <legend
        class="css-17qz6a2"
      >
        <strong>
          Flag: 
        </strong>
        <code
          class="css-h9xasx"
        >
          <span
            class="css-udfepp"
          >
            ctrl
          </span>
           + 
          <span
            class="css-9c23k1"
          >
            click
          </span>
        </code>
      </legend>
    </header>
    <div
      class="css-1x1aris"
    >
      <div
        class="css-1u7xlis"
      >
        <div
          class="css-1ksnf8d"
        >
          0
        </div>
        <select
          class="css-1jtcpq4"
        >
          <option
            class="css-zcmdxr"
            value="beginner"
          >
            beginner
          </option>
          <option
            class="css-zcmdxr"
            value="intermediate"
          >
            intermediate
          </option>
          <option
            class="css-zcmdxr"
            value="expert"
          >
            expert
          </option>
        </select>
        <button
          class="css-q9gsot"
        >
          😌
        </button>
        <div
          class="css-1ksnf8d"
        >
          10
        </div>
      </div>
      <div
        class="css-1uy3707"
      >
        😓
      </div>
      <div
        class="css-15wujwa"
        size="2"
      >
        <div
          class="css-1yh9r0j"
          data-testid="0,0"
          role="cell"
        >
          10
        </div>
        <div
          class="css-1yh9r0j"
          data-testid="0,1"
          role="cell"
        >
          10
        </div>
        <div
          class="css-1yh9r0j"
          data-testid="1,0"
          role="cell"
        >
          10
        </div>
        <div
          class="css-1yh9r0j"
          data-testid="1,1"
          role="cell"
        >
          10
        </div>
      </div>
    </div>
  </div>
</DocumentFragment>
`;
